// Jest Snapshot v1, https://goo.gl/fbAQLP

exports[`<HomePage /> renders correctly 1`] = `
<main>
  <HeaderComponent />
  <h1>
    Home Page
  </h1>
</main>
`;
