// Jest Snapshot v1, https://goo.gl/fbAQLP

exports[`<AuthPage /> renders correctly 1`] = `
<main>
  <h1>
    Auth page
  </h1>
</main>
`;
