// Jest Snapshot v1, https://goo.gl/fbAQLP

exports[`<HeaderComponent /> renders correctly 1`] = `
<header>
  <h1>
    Header
  </h1>
</header>
`;
