// Jest Snapshot v1, https://goo.gl/fbAQLP

exports[`<StatusCode /> renders correctly 1`] = `
<Route
  render={[Function]}
/>
`;
